// Vitest Snapshot v1, https://vitest.dev/guide/snapshot.html

exports[`inputs validation test > typing in multiselect should refresh value of variable 1`] = `false`;
